C:/Users/JanRybarz/Desktop/hackaton/simplerangingvsc/simplerangingvsc/Src/app_tof.c:66:6:MX_TOF_Init	8	static
C:/Users/JanRybarz/Desktop/hackaton/simplerangingvsc/simplerangingvsc/Src/app_tof.c:91:6:MX_TOF_Process	8	static
C:/Users/JanRybarz/Desktop/hackaton/simplerangingvsc/simplerangingvsc/Src/app_tof.c:104:9:TOF_GetDistanceMm64	24	static
C:/Users/JanRybarz/Desktop/hackaton/simplerangingvsc/simplerangingvsc/Src/app_tof.c:125:13:MX_53L8A1_SimpleRanging_Init	16	static
C:/Users/JanRybarz/Desktop/hackaton/simplerangingvsc/simplerangingvsc/Src/app_tof.c:183:13:MX_53L8A1_SimpleRanging_Process	8	static
C:/Users/JanRybarz/Desktop/hackaton/simplerangingvsc/simplerangingvsc/Src/app_tof.c:202:13:TOF_UpdateDistanceMm64	48	static
C:/Users/JanRybarz/Desktop/hackaton/simplerangingvsc/simplerangingvsc/Src/app_tof.c:249:13:print_result	32	static
C:/Users/JanRybarz/Desktop/hackaton/simplerangingvsc/simplerangingvsc/Src/app_tof.c:338:13:toggle_resolution	8	static
C:/Users/JanRybarz/Desktop/hackaton/simplerangingvsc/simplerangingvsc/Src/app_tof.c:368:13:toggle_signal_and_ambient	8	static
C:/Users/JanRybarz/Desktop/hackaton/simplerangingvsc/simplerangingvsc/Src/app_tof.c:379:13:clear_screen	8	static
C:/Users/JanRybarz/Desktop/hackaton/simplerangingvsc/simplerangingvsc/Src/app_tof.c:384:13:display_commands_banner	8	static
C:/Users/JanRybarz/Desktop/hackaton/simplerangingvsc/simplerangingvsc/Src/app_tof.c:399:13:handle_cmd	16	static
C:/Users/JanRybarz/Desktop/hackaton/simplerangingvsc/simplerangingvsc/Src/app_tof.c:422:16:get_key	16	static
C:/Users/JanRybarz/Desktop/hackaton/simplerangingvsc/simplerangingvsc/Src/app_tof.c:431:17:com_has_data	4	static
C:/Users/JanRybarz/Desktop/hackaton/simplerangingvsc/simplerangingvsc/Src/app_tof.c:436:6:BSP_PB_Callback	16	static
